[2025-05-27 18:39:47] local.ERROR: file_put_contents(C:\wamp64\www\Flugzeit-Aviation\storage\framework/sessions/xUgsAp00okWHFUNBSDjatykJdYbMVdtBXcKwp0du): Failed to open stream: No such file or directory {"exception":"[object] (ErrorException(code: 0): file_put_contents(C:\\wamp64\\www\\Flugzeit-Aviation\\storage\\framework/sessions/xUgsAp00okWHFUNBSDjatykJdYbMVdtBXcKwp0du): Failed to open stream: No such file or directory at /home/u577526643/domains/flugzeitaviation.com/public_html/fza/Flugzeit-Aviation/vendor/laravel/framework/src/Illuminate/Filesystem/Filesystem.php:204)
[stacktrace]
#0 /home/u577526643/domains/flugzeitaviation.com/public_html/fza/Flugzeit-Aviation/vendor/laravel/framework/src/Illuminate/Foundation/Bootstrap/HandleExceptions.php(290): Illuminate\\Foundation\\Bootstrap\\HandleExceptions->handleError()
#1 [internal function]: Illuminate\\Foundation\\Bootstrap\\HandleExceptions->Illuminate\\Foundation\\Bootstrap\\{closure}()
#2 /home/u577526643/domains/flugzeitaviation.com/public_html/fza/Flugzeit-Aviation/vendor/laravel/framework/src/Illuminate/Filesystem/Filesystem.php(204): file_put_contents()
#3 /home/u577526643/domains/flugzeitaviation.com/public_html/fza/Flugzeit-Aviation/vendor/laravel/framework/src/Illuminate/Session/FileSessionHandler.php(90): Illuminate\\Filesystem\\Filesystem->put()
#4 /home/u577526643/domains/flugzeitaviation.com/public_html/fza/Flugzeit-Aviation/vendor/laravel/framework/src/Illuminate/Session/Store.php(175): Illuminate\\Session\\FileSessionHandler->write()
#5 /home/u577526643/domains/flugzeitaviation.com/public_html/fza/Flugzeit-Aviation/vendor/laravel/framework/src/Illuminate/Session/Middleware/StartSession.php(245): Illuminate\\Session\\Store->save()
#6 /home/u577526643/domains/flugzeitaviation.com/public_html/fza/Flugzeit-Aviation/vendor/laravel/framework/src/Illuminate/Session/Middleware/StartSession.php(130): Illuminate\\Session\\Middleware\\StartSession->saveSession()
#7 /home/u577526643/domains/flugzeitaviation.com/public_html/fza/Flugzeit-Aviation/vendor/laravel/framework/src/Illuminate/Session/Middleware/StartSession.php(64): Illuminate\\Session\\Middleware\\StartSession->handleStatefulRequest()
#8 /home/u577526643/domains/flugzeitaviation.com/public_html/fza/Flugzeit-Aviation/vendor/laravel/framework/src/Illuminate/Pipeline/Pipeline.php(183): Illuminate\\Session\\Middleware\\StartSession->handle()
#9 /home/u577526643/domains/flugzeitaviation.com/public_html/fza/Flugzeit-Aviation/vendor/laravel/framework/src/Illuminate/Cookie/Middleware/AddQueuedCookiesToResponse.php(37): Illuminate\\Pipeline\\Pipeline->Illuminate\\Pipeline\\{closure}()
#10 /home/u577526643/domains/flugzeitaviation.com/public_html/fza/Flugzeit-Aviation/vendor/laravel/framework/src/Illuminate/Pipeline/Pipeline.php(183): Illuminate\\Cookie\\Middleware\\AddQueuedCookiesToResponse->handle()
#11 /home/u577526643/domains/flugzeitaviation.com/public_html/fza/Flugzeit-Aviation/vendor/laravel/framework/src/Illuminate/Cookie/Middleware/EncryptCookies.php(75): Illuminate\\Pipeline\\Pipeline->Illuminate\\Pipeline\\{closure}()
#12 /home/u577526643/domains/flugzeitaviation.com/public_html/fza/Flugzeit-Aviation/vendor/laravel/framework/src/Illuminate/Pipeline/Pipeline.php(183): Illuminate\\Cookie\\Middleware\\EncryptCookies->handle()
#13 /home/u577526643/domains/flugzeitaviation.com/public_html/fza/Flugzeit-Aviation/vendor/laravel/framework/src/Illuminate/Pipeline/Pipeline.php(119): Illuminate\\Pipeline\\Pipeline->Illuminate\\Pipeline\\{closure}()
#14 /home/u577526643/domains/flugzeitaviation.com/public_html/fza/Flugzeit-Aviation/vendor/laravel/framework/src/Illuminate/Routing/Router.php(807): Illuminate\\Pipeline\\Pipeline->then()
#15 /home/u577526643/domains/flugzeitaviation.com/public_html/fza/Flugzeit-Aviation/vendor/laravel/framework/src/Illuminate/Routing/Router.php(786): Illuminate\\Routing\\Router->runRouteWithinStack()
#16 /home/u577526643/domains/flugzeitaviation.com/public_html/fza/Flugzeit-Aviation/vendor/laravel/framework/src/Illuminate/Routing/Router.php(750): Illuminate\\Routing\\Router->runRoute()
#17 /home/u577526643/domains/flugzeitaviation.com/public_html/fza/Flugzeit-Aviation/vendor/laravel/framework/src/Illuminate/Routing/Router.php(739): Illuminate\\Routing\\Router->dispatchToRoute()
#18 /home/u577526643/domains/flugzeitaviation.com/public_html/fza/Flugzeit-Aviation/vendor/laravel/framework/src/Illuminate/Foundation/Http/Kernel.php(201): Illuminate\\Routing\\Router->dispatch()
#19 /home/u577526643/domains/flugzeitaviation.com/public_html/fza/Flugzeit-Aviation/vendor/laravel/framework/src/Illuminate/Pipeline/Pipeline.php(144): Illuminate\\Foundation\\Http\\Kernel->Illuminate\\Foundation\\Http\\{closure}()
#20 /home/u577526643/domains/flugzeitaviation.com/public_html/fza/Flugzeit-Aviation/vendor/laravel/framework/src/Illuminate/Foundation/Http/Middleware/TransformsRequest.php(21): Illuminate\\Pipeline\\Pipeline->Illuminate\\Pipeline\\{closure}()
#21 /home/u577526643/domains/flugzeitaviation.com/public_html/fza/Flugzeit-Aviation/vendor/laravel/framework/src/Illuminate/Foundation/Http/Middleware/ConvertEmptyStringsToNull.php(31): Illuminate\\Foundation\\Http\\Middleware\\TransformsRequest->handle()
#22 /home/u577526643/domains/flugzeitaviation.com/public_html/fza/Flugzeit-Aviation/vendor/laravel/framework/src/Illuminate/Pipeline/Pipeline.php(183): Illuminate\\Foundation\\Http\\Middleware\\ConvertEmptyStringsToNull->handle()
#23 /home/u577526643/domains/flugzeitaviation.com/public_html/fza/Flugzeit-Aviation/vendor/laravel/framework/src/Illuminate/Foundation/Http/Middleware/TransformsRequest.php(21): Illuminate\\Pipeline\\Pipeline->Illuminate\\Pipeline\\{closure}()
#24 /home/u577526643/domains/flugzeitaviation.com/public_html/fza/Flugzeit-Aviation/vendor/laravel/framework/src/Illuminate/Foundation/Http/Middleware/TrimStrings.php(51): Illuminate\\Foundation\\Http\\Middleware\\TransformsRequest->handle()
#25 /home/u577526643/domains/flugzeitaviation.com/public_html/fza/Flugzeit-Aviation/vendor/laravel/framework/src/Illuminate/Pipeline/Pipeline.php(183): Illuminate\\Foundation\\Http\\Middleware\\TrimStrings->handle()
#26 /home/u577526643/domains/flugzeitaviation.com/public_html/fza/Flugzeit-Aviation/vendor/laravel/framework/src/Illuminate/Http/Middleware/ValidatePostSize.php(27): Illuminate\\Pipeline\\Pipeline->Illuminate\\Pipeline\\{closure}()
#27 /home/u577526643/domains/flugzeitaviation.com/public_html/fza/Flugzeit-Aviation/vendor/laravel/framework/src/Illuminate/Pipeline/Pipeline.php(183): Illuminate\\Http\\Middleware\\ValidatePostSize->handle()
#28 /home/u577526643/domains/flugzeitaviation.com/public_html/fza/Flugzeit-Aviation/vendor/laravel/framework/src/Illuminate/Foundation/Http/Middleware/PreventRequestsDuringMaintenance.php(110): Illuminate\\Pipeline\\Pipeline->Illuminate\\Pipeline\\{closure}()
#29 /home/u577526643/domains/flugzeitaviation.com/public_html/fza/Flugzeit-Aviation/vendor/laravel/framework/src/Illuminate/Pipeline/Pipeline.php(183): Illuminate\\Foundation\\Http\\Middleware\\PreventRequestsDuringMaintenance->handle()
#30 /home/u577526643/domains/flugzeitaviation.com/public_html/fza/Flugzeit-Aviation/vendor/laravel/framework/src/Illuminate/Http/Middleware/TrustProxies.php(58): Illuminate\\Pipeline\\Pipeline->Illuminate\\Pipeline\\{closure}()
#31 /home/u577526643/domains/flugzeitaviation.com/public_html/fza/Flugzeit-Aviation/vendor/laravel/framework/src/Illuminate/Pipeline/Pipeline.php(183): Illuminate\\Http\\Middleware\\TrustProxies->handle()
#32 /home/u577526643/domains/flugzeitaviation.com/public_html/fza/Flugzeit-Aviation/vendor/laravel/framework/src/Illuminate/Pipeline/Pipeline.php(119): Illuminate\\Pipeline\\Pipeline->Illuminate\\Pipeline\\{closure}()
#33 /home/u577526643/domains/flugzeitaviation.com/public_html/fza/Flugzeit-Aviation/vendor/laravel/framework/src/Illuminate/Foundation/Http/Kernel.php(176): Illuminate\\Pipeline\\Pipeline->then()
#34 /home/u577526643/domains/flugzeitaviation.com/public_html/fza/Flugzeit-Aviation/vendor/laravel/framework/src/Illuminate/Foundation/Http/Kernel.php(145): Illuminate\\Foundation\\Http\\Kernel->sendRequestThroughRouter()
#35 /home/u577526643/domains/flugzeitaviation.com/public_html/fza/Flugzeit-Aviation/public/index.php(51): Illuminate\\Foundation\\Http\\Kernel->handle()
#36 {main}
"} 
[2025-05-27 18:40:05] local.ERROR: file_put_contents(C:\wamp64\www\Flugzeit-Aviation\storage\framework/sessions/Kbiz4AchUFYqAa2z6dsn1zhyrwqIC60a9RDdZ2Zd): Failed to open stream: No such file or directory {"exception":"[object] (ErrorException(code: 0): file_put_contents(C:\\wamp64\\www\\Flugzeit-Aviation\\storage\\framework/sessions/Kbiz4AchUFYqAa2z6dsn1zhyrwqIC60a9RDdZ2Zd): Failed to open stream: No such file or directory at /home/u577526643/domains/flugzeitaviation.com/public_html/fza/Flugzeit-Aviation/vendor/laravel/framework/src/Illuminate/Filesystem/Filesystem.php:204)
[stacktrace]
#0 /home/u577526643/domains/flugzeitaviation.com/public_html/fza/Flugzeit-Aviation/vendor/laravel/framework/src/Illuminate/Foundation/Bootstrap/HandleExceptions.php(290): Illuminate\\Foundation\\Bootstrap\\HandleExceptions->handleError()
#1 [internal function]: Illuminate\\Foundation\\Bootstrap\\HandleExceptions->Illuminate\\Foundation\\Bootstrap\\{closure}()
#2 /home/u577526643/domains/flugzeitaviation.com/public_html/fza/Flugzeit-Aviation/vendor/laravel/framework/src/Illuminate/Filesystem/Filesystem.php(204): file_put_contents()
#3 /home/u577526643/domains/flugzeitaviation.com/public_html/fza/Flugzeit-Aviation/vendor/laravel/framework/src/Illuminate/Session/FileSessionHandler.php(90): Illuminate\\Filesystem\\Filesystem->put()
#4 /home/u577526643/domains/flugzeitaviation.com/public_html/fza/Flugzeit-Aviation/vendor/laravel/framework/src/Illuminate/Session/Store.php(175): Illuminate\\Session\\FileSessionHandler->write()
#5 /home/u577526643/domains/flugzeitaviation.com/public_html/fza/Flugzeit-Aviation/vendor/laravel/framework/src/Illuminate/Session/Middleware/StartSession.php(245): Illuminate\\Session\\Store->save()
#6 /home/u577526643/domains/flugzeitaviation.com/public_html/fza/Flugzeit-Aviation/vendor/laravel/framework/src/Illuminate/Session/Middleware/StartSession.php(130): Illuminate\\Session\\Middleware\\StartSession->saveSession()
#7 /home/u577526643/domains/flugzeitaviation.com/public_html/fza/Flugzeit-Aviation/vendor/laravel/framework/src/Illuminate/Session/Middleware/StartSession.php(64): Illuminate\\Session\\Middleware\\StartSession->handleStatefulRequest()
#8 /home/u577526643/domains/flugzeitaviation.com/public_html/fza/Flugzeit-Aviation/vendor/laravel/framework/src/Illuminate/Pipeline/Pipeline.php(183): Illuminate\\Session\\Middleware\\StartSession->handle()
#9 /home/u577526643/domains/flugzeitaviation.com/public_html/fza/Flugzeit-Aviation/vendor/laravel/framework/src/Illuminate/Cookie/Middleware/AddQueuedCookiesToResponse.php(37): Illuminate\\Pipeline\\Pipeline->Illuminate\\Pipeline\\{closure}()
#10 /home/u577526643/domains/flugzeitaviation.com/public_html/fza/Flugzeit-Aviation/vendor/laravel/framework/src/Illuminate/Pipeline/Pipeline.php(183): Illuminate\\Cookie\\Middleware\\AddQueuedCookiesToResponse->handle()
#11 /home/u577526643/domains/flugzeitaviation.com/public_html/fza/Flugzeit-Aviation/vendor/laravel/framework/src/Illuminate/Cookie/Middleware/EncryptCookies.php(75): Illuminate\\Pipeline\\Pipeline->Illuminate\\Pipeline\\{closure}()
#12 /home/u577526643/domains/flugzeitaviation.com/public_html/fza/Flugzeit-Aviation/vendor/laravel/framework/src/Illuminate/Pipeline/Pipeline.php(183): Illuminate\\Cookie\\Middleware\\EncryptCookies->handle()
#13 /home/u577526643/domains/flugzeitaviation.com/public_html/fza/Flugzeit-Aviation/vendor/laravel/framework/src/Illuminate/Pipeline/Pipeline.php(119): Illuminate\\Pipeline\\Pipeline->Illuminate\\Pipeline\\{closure}()
#14 /home/u577526643/domains/flugzeitaviation.com/public_html/fza/Flugzeit-Aviation/vendor/laravel/framework/src/Illuminate/Routing/Router.php(807): Illuminate\\Pipeline\\Pipeline->then()
#15 /home/u577526643/domains/flugzeitaviation.com/public_html/fza/Flugzeit-Aviation/vendor/laravel/framework/src/Illuminate/Routing/Router.php(786): Illuminate\\Routing\\Router->runRouteWithinStack()
#16 /home/u577526643/domains/flugzeitaviation.com/public_html/fza/Flugzeit-Aviation/vendor/laravel/framework/src/Illuminate/Routing/Router.php(750): Illuminate\\Routing\\Router->runRoute()
#17 /home/u577526643/domains/flugzeitaviation.com/public_html/fza/Flugzeit-Aviation/vendor/laravel/framework/src/Illuminate/Routing/Router.php(739): Illuminate\\Routing\\Router->dispatchToRoute()
#18 /home/u577526643/domains/flugzeitaviation.com/public_html/fza/Flugzeit-Aviation/vendor/laravel/framework/src/Illuminate/Foundation/Http/Kernel.php(201): Illuminate\\Routing\\Router->dispatch()
#19 /home/u577526643/domains/flugzeitaviation.com/public_html/fza/Flugzeit-Aviation/vendor/laravel/framework/src/Illuminate/Pipeline/Pipeline.php(144): Illuminate\\Foundation\\Http\\Kernel->Illuminate\\Foundation\\Http\\{closure}()
#20 /home/u577526643/domains/flugzeitaviation.com/public_html/fza/Flugzeit-Aviation/vendor/laravel/framework/src/Illuminate/Foundation/Http/Middleware/TransformsRequest.php(21): Illuminate\\Pipeline\\Pipeline->Illuminate\\Pipeline\\{closure}()
#21 /home/u577526643/domains/flugzeitaviation.com/public_html/fza/Flugzeit-Aviation/vendor/laravel/framework/src/Illuminate/Foundation/Http/Middleware/ConvertEmptyStringsToNull.php(31): Illuminate\\Foundation\\Http\\Middleware\\TransformsRequest->handle()
#22 /home/u577526643/domains/flugzeitaviation.com/public_html/fza/Flugzeit-Aviation/vendor/laravel/framework/src/Illuminate/Pipeline/Pipeline.php(183): Illuminate\\Foundation\\Http\\Middleware\\ConvertEmptyStringsToNull->handle()
#23 /home/u577526643/domains/flugzeitaviation.com/public_html/fza/Flugzeit-Aviation/vendor/laravel/framework/src/Illuminate/Foundation/Http/Middleware/TransformsRequest.php(21): Illuminate\\Pipeline\\Pipeline->Illuminate\\Pipeline\\{closure}()
#24 /home/u577526643/domains/flugzeitaviation.com/public_html/fza/Flugzeit-Aviation/vendor/laravel/framework/src/Illuminate/Foundation/Http/Middleware/TrimStrings.php(51): Illuminate\\Foundation\\Http\\Middleware\\TransformsRequest->handle()
#25 /home/u577526643/domains/flugzeitaviation.com/public_html/fza/Flugzeit-Aviation/vendor/laravel/framework/src/Illuminate/Pipeline/Pipeline.php(183): Illuminate\\Foundation\\Http\\Middleware\\TrimStrings->handle()
#26 /home/u577526643/domains/flugzeitaviation.com/public_html/fza/Flugzeit-Aviation/vendor/laravel/framework/src/Illuminate/Http/Middleware/ValidatePostSize.php(27): Illuminate\\Pipeline\\Pipeline->Illuminate\\Pipeline\\{closure}()
#27 /home/u577526643/domains/flugzeitaviation.com/public_html/fza/Flugzeit-Aviation/vendor/laravel/framework/src/Illuminate/Pipeline/Pipeline.php(183): Illuminate\\Http\\Middleware\\ValidatePostSize->handle()
#28 /home/u577526643/domains/flugzeitaviation.com/public_html/fza/Flugzeit-Aviation/vendor/laravel/framework/src/Illuminate/Foundation/Http/Middleware/PreventRequestsDuringMaintenance.php(110): Illuminate\\Pipeline\\Pipeline->Illuminate\\Pipeline\\{closure}()
#29 /home/u577526643/domains/flugzeitaviation.com/public_html/fza/Flugzeit-Aviation/vendor/laravel/framework/src/Illuminate/Pipeline/Pipeline.php(183): Illuminate\\Foundation\\Http\\Middleware\\PreventRequestsDuringMaintenance->handle()
#30 /home/u577526643/domains/flugzeitaviation.com/public_html/fza/Flugzeit-Aviation/vendor/laravel/framework/src/Illuminate/Http/Middleware/TrustProxies.php(58): Illuminate\\Pipeline\\Pipeline->Illuminate\\Pipeline\\{closure}()
#31 /home/u577526643/domains/flugzeitaviation.com/public_html/fza/Flugzeit-Aviation/vendor/laravel/framework/src/Illuminate/Pipeline/Pipeline.php(183): Illuminate\\Http\\Middleware\\TrustProxies->handle()
#32 /home/u577526643/domains/flugzeitaviation.com/public_html/fza/Flugzeit-Aviation/vendor/laravel/framework/src/Illuminate/Pipeline/Pipeline.php(119): Illuminate\\Pipeline\\Pipeline->Illuminate\\Pipeline\\{closure}()
#33 /home/u577526643/domains/flugzeitaviation.com/public_html/fza/Flugzeit-Aviation/vendor/laravel/framework/src/Illuminate/Foundation/Http/Kernel.php(176): Illuminate\\Pipeline\\Pipeline->then()
#34 /home/u577526643/domains/flugzeitaviation.com/public_html/fza/Flugzeit-Aviation/vendor/laravel/framework/src/Illuminate/Foundation/Http/Kernel.php(145): Illuminate\\Foundation\\Http\\Kernel->sendRequestThroughRouter()
#35 /home/u577526643/domains/flugzeitaviation.com/public_html/fza/Flugzeit-Aviation/public/index.php(51): Illuminate\\Foundation\\Http\\Kernel->handle()
#36 {main}
"} 
[2025-05-27 18:40:08] local.ERROR: file_put_contents(C:\wamp64\www\Flugzeit-Aviation\storage\framework/sessions/TVMSXqDNhVMTZma8DHJ4H2d7cdJa7oTUBR3UDwqt): Failed to open stream: No such file or directory {"exception":"[object] (ErrorException(code: 0): file_put_contents(C:\\wamp64\\www\\Flugzeit-Aviation\\storage\\framework/sessions/TVMSXqDNhVMTZma8DHJ4H2d7cdJa7oTUBR3UDwqt): Failed to open stream: No such file or directory at /home/u577526643/domains/flugzeitaviation.com/public_html/fza/Flugzeit-Aviation/vendor/laravel/framework/src/Illuminate/Filesystem/Filesystem.php:204)
[stacktrace]
#0 /home/u577526643/domains/flugzeitaviation.com/public_html/fza/Flugzeit-Aviation/vendor/laravel/framework/src/Illuminate/Foundation/Bootstrap/HandleExceptions.php(290): Illuminate\\Foundation\\Bootstrap\\HandleExceptions->handleError()
#1 [internal function]: Illuminate\\Foundation\\Bootstrap\\HandleExceptions->Illuminate\\Foundation\\Bootstrap\\{closure}()
#2 /home/u577526643/domains/flugzeitaviation.com/public_html/fza/Flugzeit-Aviation/vendor/laravel/framework/src/Illuminate/Filesystem/Filesystem.php(204): file_put_contents()
#3 /home/u577526643/domains/flugzeitaviation.com/public_html/fza/Flugzeit-Aviation/vendor/laravel/framework/src/Illuminate/Session/FileSessionHandler.php(90): Illuminate\\Filesystem\\Filesystem->put()
#4 /home/u577526643/domains/flugzeitaviation.com/public_html/fza/Flugzeit-Aviation/vendor/laravel/framework/src/Illuminate/Session/Store.php(175): Illuminate\\Session\\FileSessionHandler->write()
#5 /home/u577526643/domains/flugzeitaviation.com/public_html/fza/Flugzeit-Aviation/vendor/laravel/framework/src/Illuminate/Session/Middleware/StartSession.php(245): Illuminate\\Session\\Store->save()
#6 /home/u577526643/domains/flugzeitaviation.com/public_html/fza/Flugzeit-Aviation/vendor/laravel/framework/src/Illuminate/Session/Middleware/StartSession.php(130): Illuminate\\Session\\Middleware\\StartSession->saveSession()
#7 /home/u577526643/domains/flugzeitaviation.com/public_html/fza/Flugzeit-Aviation/vendor/laravel/framework/src/Illuminate/Session/Middleware/StartSession.php(64): Illuminate\\Session\\Middleware\\StartSession->handleStatefulRequest()
#8 /home/u577526643/domains/flugzeitaviation.com/public_html/fza/Flugzeit-Aviation/vendor/laravel/framework/src/Illuminate/Pipeline/Pipeline.php(183): Illuminate\\Session\\Middleware\\StartSession->handle()
#9 /home/u577526643/domains/flugzeitaviation.com/public_html/fza/Flugzeit-Aviation/vendor/laravel/framework/src/Illuminate/Cookie/Middleware/AddQueuedCookiesToResponse.php(37): Illuminate\\Pipeline\\Pipeline->Illuminate\\Pipeline\\{closure}()
#10 /home/u577526643/domains/flugzeitaviation.com/public_html/fza/Flugzeit-Aviation/vendor/laravel/framework/src/Illuminate/Pipeline/Pipeline.php(183): Illuminate\\Cookie\\Middleware\\AddQueuedCookiesToResponse->handle()
#11 /home/u577526643/domains/flugzeitaviation.com/public_html/fza/Flugzeit-Aviation/vendor/laravel/framework/src/Illuminate/Cookie/Middleware/EncryptCookies.php(75): Illuminate\\Pipeline\\Pipeline->Illuminate\\Pipeline\\{closure}()
#12 /home/u577526643/domains/flugzeitaviation.com/public_html/fza/Flugzeit-Aviation/vendor/laravel/framework/src/Illuminate/Pipeline/Pipeline.php(183): Illuminate\\Cookie\\Middleware\\EncryptCookies->handle()
#13 /home/u577526643/domains/flugzeitaviation.com/public_html/fza/Flugzeit-Aviation/vendor/laravel/framework/src/Illuminate/Pipeline/Pipeline.php(119): Illuminate\\Pipeline\\Pipeline->Illuminate\\Pipeline\\{closure}()
#14 /home/u577526643/domains/flugzeitaviation.com/public_html/fza/Flugzeit-Aviation/vendor/laravel/framework/src/Illuminate/Routing/Router.php(807): Illuminate\\Pipeline\\Pipeline->then()
#15 /home/u577526643/domains/flugzeitaviation.com/public_html/fza/Flugzeit-Aviation/vendor/laravel/framework/src/Illuminate/Routing/Router.php(786): Illuminate\\Routing\\Router->runRouteWithinStack()
#16 /home/u577526643/domains/flugzeitaviation.com/public_html/fza/Flugzeit-Aviation/vendor/laravel/framework/src/Illuminate/Routing/Router.php(750): Illuminate\\Routing\\Router->runRoute()
#17 /home/u577526643/domains/flugzeitaviation.com/public_html/fza/Flugzeit-Aviation/vendor/laravel/framework/src/Illuminate/Routing/Router.php(739): Illuminate\\Routing\\Router->dispatchToRoute()
#18 /home/u577526643/domains/flugzeitaviation.com/public_html/fza/Flugzeit-Aviation/vendor/laravel/framework/src/Illuminate/Foundation/Http/Kernel.php(201): Illuminate\\Routing\\Router->dispatch()
#19 /home/u577526643/domains/flugzeitaviation.com/public_html/fza/Flugzeit-Aviation/vendor/laravel/framework/src/Illuminate/Pipeline/Pipeline.php(144): Illuminate\\Foundation\\Http\\Kernel->Illuminate\\Foundation\\Http\\{closure}()
#20 /home/u577526643/domains/flugzeitaviation.com/public_html/fza/Flugzeit-Aviation/vendor/laravel/framework/src/Illuminate/Foundation/Http/Middleware/TransformsRequest.php(21): Illuminate\\Pipeline\\Pipeline->Illuminate\\Pipeline\\{closure}()
#21 /home/u577526643/domains/flugzeitaviation.com/public_html/fza/Flugzeit-Aviation/vendor/laravel/framework/src/Illuminate/Foundation/Http/Middleware/ConvertEmptyStringsToNull.php(31): Illuminate\\Foundation\\Http\\Middleware\\TransformsRequest->handle()
#22 /home/u577526643/domains/flugzeitaviation.com/public_html/fza/Flugzeit-Aviation/vendor/laravel/framework/src/Illuminate/Pipeline/Pipeline.php(183): Illuminate\\Foundation\\Http\\Middleware\\ConvertEmptyStringsToNull->handle()
#23 /home/u577526643/domains/flugzeitaviation.com/public_html/fza/Flugzeit-Aviation/vendor/laravel/framework/src/Illuminate/Foundation/Http/Middleware/TransformsRequest.php(21): Illuminate\\Pipeline\\Pipeline->Illuminate\\Pipeline\\{closure}()
#24 /home/u577526643/domains/flugzeitaviation.com/public_html/fza/Flugzeit-Aviation/vendor/laravel/framework/src/Illuminate/Foundation/Http/Middleware/TrimStrings.php(51): Illuminate\\Foundation\\Http\\Middleware\\TransformsRequest->handle()
#25 /home/u577526643/domains/flugzeitaviation.com/public_html/fza/Flugzeit-Aviation/vendor/laravel/framework/src/Illuminate/Pipeline/Pipeline.php(183): Illuminate\\Foundation\\Http\\Middleware\\TrimStrings->handle()
#26 /home/u577526643/domains/flugzeitaviation.com/public_html/fza/Flugzeit-Aviation/vendor/laravel/framework/src/Illuminate/Http/Middleware/ValidatePostSize.php(27): Illuminate\\Pipeline\\Pipeline->Illuminate\\Pipeline\\{closure}()
#27 /home/u577526643/domains/flugzeitaviation.com/public_html/fza/Flugzeit-Aviation/vendor/laravel/framework/src/Illuminate/Pipeline/Pipeline.php(183): Illuminate\\Http\\Middleware\\ValidatePostSize->handle()
#28 /home/u577526643/domains/flugzeitaviation.com/public_html/fza/Flugzeit-Aviation/vendor/laravel/framework/src/Illuminate/Foundation/Http/Middleware/PreventRequestsDuringMaintenance.php(110): Illuminate\\Pipeline\\Pipeline->Illuminate\\Pipeline\\{closure}()
#29 /home/u577526643/domains/flugzeitaviation.com/public_html/fza/Flugzeit-Aviation/vendor/laravel/framework/src/Illuminate/Pipeline/Pipeline.php(183): Illuminate\\Foundation\\Http\\Middleware\\PreventRequestsDuringMaintenance->handle()
#30 /home/u577526643/domains/flugzeitaviation.com/public_html/fza/Flugzeit-Aviation/vendor/laravel/framework/src/Illuminate/Http/Middleware/TrustProxies.php(58): Illuminate\\Pipeline\\Pipeline->Illuminate\\Pipeline\\{closure}()
#31 /home/u577526643/domains/flugzeitaviation.com/public_html/fza/Flugzeit-Aviation/vendor/laravel/framework/src/Illuminate/Pipeline/Pipeline.php(183): Illuminate\\Http\\Middleware\\TrustProxies->handle()
#32 /home/u577526643/domains/flugzeitaviation.com/public_html/fza/Flugzeit-Aviation/vendor/laravel/framework/src/Illuminate/Pipeline/Pipeline.php(119): Illuminate\\Pipeline\\Pipeline->Illuminate\\Pipeline\\{closure}()
#33 /home/u577526643/domains/flugzeitaviation.com/public_html/fza/Flugzeit-Aviation/vendor/laravel/framework/src/Illuminate/Foundation/Http/Kernel.php(176): Illuminate\\Pipeline\\Pipeline->then()
#34 /home/u577526643/domains/flugzeitaviation.com/public_html/fza/Flugzeit-Aviation/vendor/laravel/framework/src/Illuminate/Foundation/Http/Kernel.php(145): Illuminate\\Foundation\\Http\\Kernel->sendRequestThroughRouter()
#35 /home/u577526643/domains/flugzeitaviation.com/public_html/fza/Flugzeit-Aviation/public/index.php(51): Illuminate\\Foundation\\Http\\Kernel->handle()
#36 {main}
"} 
[2025-05-27 18:41:12] local.ERROR: file_put_contents(C:\wamp64\www\Flugzeit-Aviation\storage\framework/sessions/ojteNvdiNueAPuGC3uQGlS95JYiXMpQi3JGS5Yio): Failed to open stream: No such file or directory {"exception":"[object] (ErrorException(code: 0): file_put_contents(C:\\wamp64\\www\\Flugzeit-Aviation\\storage\\framework/sessions/ojteNvdiNueAPuGC3uQGlS95JYiXMpQi3JGS5Yio): Failed to open stream: No such file or directory at /home/u577526643/domains/flugzeitaviation.com/public_html/fza/Flugzeit-Aviation/vendor/laravel/framework/src/Illuminate/Filesystem/Filesystem.php:204)
[stacktrace]
#0 /home/u577526643/domains/flugzeitaviation.com/public_html/fza/Flugzeit-Aviation/vendor/laravel/framework/src/Illuminate/Foundation/Bootstrap/HandleExceptions.php(290): Illuminate\\Foundation\\Bootstrap\\HandleExceptions->handleError()
#1 [internal function]: Illuminate\\Foundation\\Bootstrap\\HandleExceptions->Illuminate\\Foundation\\Bootstrap\\{closure}()
#2 /home/u577526643/domains/flugzeitaviation.com/public_html/fza/Flugzeit-Aviation/vendor/laravel/framework/src/Illuminate/Filesystem/Filesystem.php(204): file_put_contents()
#3 /home/u577526643/domains/flugzeitaviation.com/public_html/fza/Flugzeit-Aviation/vendor/laravel/framework/src/Illuminate/Session/FileSessionHandler.php(90): Illuminate\\Filesystem\\Filesystem->put()
#4 /home/u577526643/domains/flugzeitaviation.com/public_html/fza/Flugzeit-Aviation/vendor/laravel/framework/src/Illuminate/Session/Store.php(175): Illuminate\\Session\\FileSessionHandler->write()
#5 /home/u577526643/domains/flugzeitaviation.com/public_html/fza/Flugzeit-Aviation/vendor/laravel/framework/src/Illuminate/Session/Middleware/StartSession.php(245): Illuminate\\Session\\Store->save()
#6 /home/u577526643/domains/flugzeitaviation.com/public_html/fza/Flugzeit-Aviation/vendor/laravel/framework/src/Illuminate/Session/Middleware/StartSession.php(130): Illuminate\\Session\\Middleware\\StartSession->saveSession()
#7 /home/u577526643/domains/flugzeitaviation.com/public_html/fza/Flugzeit-Aviation/vendor/laravel/framework/src/Illuminate/Session/Middleware/StartSession.php(64): Illuminate\\Session\\Middleware\\StartSession->handleStatefulRequest()
#8 /home/u577526643/domains/flugzeitaviation.com/public_html/fza/Flugzeit-Aviation/vendor/laravel/framework/src/Illuminate/Pipeline/Pipeline.php(183): Illuminate\\Session\\Middleware\\StartSession->handle()
#9 /home/u577526643/domains/flugzeitaviation.com/public_html/fza/Flugzeit-Aviation/vendor/laravel/framework/src/Illuminate/Cookie/Middleware/AddQueuedCookiesToResponse.php(37): Illuminate\\Pipeline\\Pipeline->Illuminate\\Pipeline\\{closure}()
#10 /home/u577526643/domains/flugzeitaviation.com/public_html/fza/Flugzeit-Aviation/vendor/laravel/framework/src/Illuminate/Pipeline/Pipeline.php(183): Illuminate\\Cookie\\Middleware\\AddQueuedCookiesToResponse->handle()
#11 /home/u577526643/domains/flugzeitaviation.com/public_html/fza/Flugzeit-Aviation/vendor/laravel/framework/src/Illuminate/Cookie/Middleware/EncryptCookies.php(75): Illuminate\\Pipeline\\Pipeline->Illuminate\\Pipeline\\{closure}()
#12 /home/u577526643/domains/flugzeitaviation.com/public_html/fza/Flugzeit-Aviation/vendor/laravel/framework/src/Illuminate/Pipeline/Pipeline.php(183): Illuminate\\Cookie\\Middleware\\EncryptCookies->handle()
#13 /home/u577526643/domains/flugzeitaviation.com/public_html/fza/Flugzeit-Aviation/vendor/laravel/framework/src/Illuminate/Pipeline/Pipeline.php(119): Illuminate\\Pipeline\\Pipeline->Illuminate\\Pipeline\\{closure}()
#14 /home/u577526643/domains/flugzeitaviation.com/public_html/fza/Flugzeit-Aviation/vendor/laravel/framework/src/Illuminate/Routing/Router.php(807): Illuminate\\Pipeline\\Pipeline->then()
#15 /home/u577526643/domains/flugzeitaviation.com/public_html/fza/Flugzeit-Aviation/vendor/laravel/framework/src/Illuminate/Routing/Router.php(786): Illuminate\\Routing\\Router->runRouteWithinStack()
#16 /home/u577526643/domains/flugzeitaviation.com/public_html/fza/Flugzeit-Aviation/vendor/laravel/framework/src/Illuminate/Routing/Router.php(750): Illuminate\\Routing\\Router->runRoute()
#17 /home/u577526643/domains/flugzeitaviation.com/public_html/fza/Flugzeit-Aviation/vendor/laravel/framework/src/Illuminate/Routing/Router.php(739): Illuminate\\Routing\\Router->dispatchToRoute()
#18 /home/u577526643/domains/flugzeitaviation.com/public_html/fza/Flugzeit-Aviation/vendor/laravel/framework/src/Illuminate/Foundation/Http/Kernel.php(201): Illuminate\\Routing\\Router->dispatch()
#19 /home/u577526643/domains/flugzeitaviation.com/public_html/fza/Flugzeit-Aviation/vendor/laravel/framework/src/Illuminate/Pipeline/Pipeline.php(144): Illuminate\\Foundation\\Http\\Kernel->Illuminate\\Foundation\\Http\\{closure}()
#20 /home/u577526643/domains/flugzeitaviation.com/public_html/fza/Flugzeit-Aviation/vendor/laravel/framework/src/Illuminate/Foundation/Http/Middleware/TransformsRequest.php(21): Illuminate\\Pipeline\\Pipeline->Illuminate\\Pipeline\\{closure}()
#21 /home/u577526643/domains/flugzeitaviation.com/public_html/fza/Flugzeit-Aviation/vendor/laravel/framework/src/Illuminate/Foundation/Http/Middleware/ConvertEmptyStringsToNull.php(31): Illuminate\\Foundation\\Http\\Middleware\\TransformsRequest->handle()
#22 /home/u577526643/domains/flugzeitaviation.com/public_html/fza/Flugzeit-Aviation/vendor/laravel/framework/src/Illuminate/Pipeline/Pipeline.php(183): Illuminate\\Foundation\\Http\\Middleware\\ConvertEmptyStringsToNull->handle()
#23 /home/u577526643/domains/flugzeitaviation.com/public_html/fza/Flugzeit-Aviation/vendor/laravel/framework/src/Illuminate/Foundation/Http/Middleware/TransformsRequest.php(21): Illuminate\\Pipeline\\Pipeline->Illuminate\\Pipeline\\{closure}()
#24 /home/u577526643/domains/flugzeitaviation.com/public_html/fza/Flugzeit-Aviation/vendor/laravel/framework/src/Illuminate/Foundation/Http/Middleware/TrimStrings.php(51): Illuminate\\Foundation\\Http\\Middleware\\TransformsRequest->handle()
#25 /home/u577526643/domains/flugzeitaviation.com/public_html/fza/Flugzeit-Aviation/vendor/laravel/framework/src/Illuminate/Pipeline/Pipeline.php(183): Illuminate\\Foundation\\Http\\Middleware\\TrimStrings->handle()
#26 /home/u577526643/domains/flugzeitaviation.com/public_html/fza/Flugzeit-Aviation/vendor/laravel/framework/src/Illuminate/Http/Middleware/ValidatePostSize.php(27): Illuminate\\Pipeline\\Pipeline->Illuminate\\Pipeline\\{closure}()
#27 /home/u577526643/domains/flugzeitaviation.com/public_html/fza/Flugzeit-Aviation/vendor/laravel/framework/src/Illuminate/Pipeline/Pipeline.php(183): Illuminate\\Http\\Middleware\\ValidatePostSize->handle()
#28 /home/u577526643/domains/flugzeitaviation.com/public_html/fza/Flugzeit-Aviation/vendor/laravel/framework/src/Illuminate/Foundation/Http/Middleware/PreventRequestsDuringMaintenance.php(110): Illuminate\\Pipeline\\Pipeline->Illuminate\\Pipeline\\{closure}()
#29 /home/u577526643/domains/flugzeitaviation.com/public_html/fza/Flugzeit-Aviation/vendor/laravel/framework/src/Illuminate/Pipeline/Pipeline.php(183): Illuminate\\Foundation\\Http\\Middleware\\PreventRequestsDuringMaintenance->handle()
#30 /home/u577526643/domains/flugzeitaviation.com/public_html/fza/Flugzeit-Aviation/vendor/laravel/framework/src/Illuminate/Http/Middleware/TrustProxies.php(58): Illuminate\\Pipeline\\Pipeline->Illuminate\\Pipeline\\{closure}()
#31 /home/u577526643/domains/flugzeitaviation.com/public_html/fza/Flugzeit-Aviation/vendor/laravel/framework/src/Illuminate/Pipeline/Pipeline.php(183): Illuminate\\Http\\Middleware\\TrustProxies->handle()
#32 /home/u577526643/domains/flugzeitaviation.com/public_html/fza/Flugzeit-Aviation/vendor/laravel/framework/src/Illuminate/Pipeline/Pipeline.php(119): Illuminate\\Pipeline\\Pipeline->Illuminate\\Pipeline\\{closure}()
#33 /home/u577526643/domains/flugzeitaviation.com/public_html/fza/Flugzeit-Aviation/vendor/laravel/framework/src/Illuminate/Foundation/Http/Kernel.php(176): Illuminate\\Pipeline\\Pipeline->then()
#34 /home/u577526643/domains/flugzeitaviation.com/public_html/fza/Flugzeit-Aviation/vendor/laravel/framework/src/Illuminate/Foundation/Http/Kernel.php(145): Illuminate\\Foundation\\Http\\Kernel->sendRequestThroughRouter()
#35 /home/u577526643/domains/flugzeitaviation.com/public_html/fza/Flugzeit-Aviation/public/index.php(51): Illuminate\\Foundation\\Http\\Kernel->handle()
#36 {main}
"} 
